[baseline-browser-mapping] The data in this module is over two months old.  To ensure accurate Baseline data, please update: `npm i baseline-browser-mapping@latest -D`
  console.log
    [INFO] [commission] comissão lançada {
      subscriptionId: 'sub_B36_259934_3',
      paymentId: 'pay_B36_259934_4',
      tenantId: 949,
      salesAgentId: 'b979918c-13d3-4ae8-b0e1-c85c52fb3fe2',
      salesAgentCommissionId: '1c97a547-f5e0-4444-963d-9baaaf09b93f',
      segments: 1,
      unitsToApply: 1,
      consumedAfter: 1,
      status: 'active'
    }

      at Object.info (app/utils/logger.js:4:31)

  console.warn
    [WARN] [commission] corrida no estorno — reversal já lançado {
      subscriptionId: 'sub_B36_259934_3',
      paymentId: 'pay_B36_259934_4',
      flow: 'refund',
      tenantId: 949,
      salesAgentCommissionId: '1c97a547-f5e0-4444-963d-9baaaf09b93f',
      creditId: '15378dc1-f9fb-40ef-b9d6-acd51c5348fc'
    }

      3 | module.exports = {
      4 |     info: (...msg) => console.log('[INFO]', ...msg),
    > 5 |     warn: (...msg) => console.warn('[WARN]', ...msg),
        |                               ^
      6 |     error: (...msg) => console.error('[ERROR]', ...msg)
      7 |   };
      8 |   

      at Object.warn (app/utils/logger.js:5:31)
      at Object.reverseCommissionFromRefund (app/services/commissionEngine.js:766:20)
      at refund (__tests__/integration/commissionReversal.test.js:122:5)
      at Object.<anonymous> (__tests__/integration/commissionReversal.test.js:218:5)

  console.log
    [INFO] [commission] comissão estornada {
      subscriptionId: 'sub_B36_259934_3',
      paymentId: 'pay_B36_259934_4',
      flow: 'refund',
      tenantId: 949,
      credits: 1,
      reversals: 0
    }

      at Object.info (app/utils/logger.js:4:31)

  console.log
    [INFO] [commission] comissão lançada {
      subscriptionId: 'sub_B36_259934_7',
      paymentId: 'pay_B36_259934_8',
      tenantId: 950,
      salesAgentId: '2fac4733-3085-4649-982d-782e6b9c5578',
      salesAgentCommissionId: 'd2b97566-d5c9-451e-b2c4-332c6742357d',
      segments: 1,
      unitsToApply: 12,
      consumedAfter: 12,
      status: 'active'
    }

      at Object.info (app/utils/logger.js:4:31)

  console.log
    [INFO] [commission] comissão lançada {
      subscriptionId: 'sub_B36_259934_12',
      paymentId: 'pay_B36_259934_13',
      tenantId: 951,
      salesAgentId: '561d8224-e94b-432a-a014-60a3837221a7',
      salesAgentCommissionId: '3a4450a9-2589-4ac8-b8eb-2c8d758f85ba',
      segments: 1,
      unitsToApply: 1,
      consumedAfter: 1,
      status: 'active'
    }

      at Object.info (app/utils/logger.js:4:31)

  console.warn
    [WARN] [commission] corrida no estorno — reversal já lançado {
      subscriptionId: 'sub_B36_259934_12',
      paymentId: 'pay_B36_259934_13',
      flow: 'refund',
      tenantId: 951,
      salesAgentCommissionId: '3a4450a9-2589-4ac8-b8eb-2c8d758f85ba',
      creditId: 'b567e122-3c52-4401-bfeb-45a427e0e7ad'
    }

      3 | module.exports = {
      4 |     info: (...msg) => console.log('[INFO]', ...msg),
    > 5 |     warn: (...msg) => console.warn('[WARN]', ...msg),
        |                               ^
      6 |     error: (...msg) => console.error('[ERROR]', ...msg)
      7 |   };
      8 |   

      at Object.warn (app/utils/logger.js:5:31)
      at Object.reverseCommissionFromRefund (app/services/commissionEngine.js:766:20)
      at refund (__tests__/integration/commissionReversal.test.js:122:5)
      at Object.<anonymous> (__tests__/integration/commissionReversal.test.js:303:5)

  console.log
    [INFO] [commission] comissão estornada {
      subscriptionId: 'sub_B36_259934_12',
      paymentId: 'pay_B36_259934_13',
      flow: 'refund',
      tenantId: 951,
      credits: 1,
      reversals: 0
    }

      at Object.info (app/utils/logger.js:4:31)

  console.log
    [INFO] [commission] comissão lançada {
      subscriptionId: 'sub_B36_259934_16',
      paymentId: 'pay_B36_259934_17',
      tenantId: 952,
      salesAgentId: 'cb98e131-e6db-44b4-aa59-5d8fbdbf1b38',
      salesAgentCommissionId: '6a8f7b01-6ed6-4cca-9ec5-d05d59b4a963',
      segments: 1,
      unitsToApply: 1,
      consumedAfter: 1,
      status: 'active'
    }

      at Object.info (app/utils/logger.js:4:31)

  console.warn
    [WARN] [commission] corrida no estorno — reversal já lançado {
      subscriptionId: 'sub_B36_259934_16',
      paymentId: 'pay_B36_259934_17',
      flow: 'refund',
      tenantId: 952,
      salesAgentCommissionId: '6a8f7b01-6ed6-4cca-9ec5-d05d59b4a963',
      creditId: '39892af6-84b5-4fbd-b0ae-d665dcaba32c'
    }

      3 | module.exports = {
      4 |     info: (...msg) => console.log('[INFO]', ...msg),
    > 5 |     warn: (...msg) => console.warn('[WARN]', ...msg),
        |                               ^
      6 |     error: (...msg) => console.error('[ERROR]', ...msg)
      7 |   };
      8 |   

      at Object.warn (app/utils/logger.js:5:31)
      at Object.reverseCommissionFromRefund (app/services/commissionEngine.js:766:20)
      at refund (__tests__/integration/commissionReversal.test.js:122:5)
      at Object.<anonymous> (__tests__/integration/commissionReversal.test.js:324:5)

  console.log
    [INFO] [commission] comissão estornada {
      subscriptionId: 'sub_B36_259934_16',
      paymentId: 'pay_B36_259934_17',
      flow: 'refund',
      tenantId: 952,
      credits: 1,
      reversals: 0
    }

      at Object.info (app/utils/logger.js:4:31)

  console.warn
    [WARN] [commission] corrida no estorno — reversal já lançado {
      subscriptionId: 'sub_B36_259934_16',
      paymentId: 'pay_B36_259934_17',
      flow: 'refund',
      tenantId: 952,
      salesAgentCommissionId: '6a8f7b01-6ed6-4cca-9ec5-d05d59b4a963',
      creditId: '39892af6-84b5-4fbd-b0ae-d665dcaba32c'
    }

      3 | module.exports = {
      4 |     info: (...msg) => console.log('[INFO]', ...msg),
    > 5 |     warn: (...msg) => console.warn('[WARN]', ...msg),
        |                               ^
      6 |     error: (...msg) => console.error('[ERROR]', ...msg)
      7 |   };
      8 |   

      at Object.warn (app/utils/logger.js:5:31)
      at Object.reverseCommissionFromRefund (app/services/commissionEngine.js:766:20)
      at refund (__tests__/integration/commissionReversal.test.js:122:5)
      at Object.<anonymous> (__tests__/integration/commissionReversal.test.js:325:5)

  console.log
    [INFO] [commission] comissão estornada {
      subscriptionId: 'sub_B36_259934_16',
      paymentId: 'pay_B36_259934_17',
      flow: 'refund',
      tenantId: 952,
      credits: 1,
      reversals: 0
    }

      at Object.info (app/utils/logger.js:4:31)

  console.warn
    [WARN] [commission] corrida no estorno — reversal já lançado {
      subscriptionId: 'sub_B36_259934_16',
      paymentId: 'pay_B36_259934_17',
      flow: 'refund',
      tenantId: 952,
      salesAgentCommissionId: '6a8f7b01-6ed6-4cca-9ec5-d05d59b4a963',
      creditId: '39892af6-84b5-4fbd-b0ae-d665dcaba32c'
    }

      3 | module.exports = {
      4 |     info: (...msg) => console.log('[INFO]', ...msg),
    > 5 |     warn: (...msg) => console.warn('[WARN]', ...msg),
        |                               ^
      6 |     error: (...msg) => console.error('[ERROR]', ...msg)
      7 |   };
      8 |   

      at Object.warn (app/utils/logger.js:5:31)
      at Object.reverseCommissionFromRefund (app/services/commissionEngine.js:766:20)
      at refund (__tests__/integration/commissionReversal.test.js:122:5)
      at Object.<anonymous> (__tests__/integration/commissionReversal.test.js:326:5)

  console.log
    [INFO] [commission] comissão estornada {
      subscriptionId: 'sub_B36_259934_16',
      paymentId: 'pay_B36_259934_17',
      flow: 'refund',
      tenantId: 952,
      credits: 1,
      reversals: 0
    }

      at Object.info (app/utils/logger.js:4:31)

  console.log
    [INFO] [commission] comissão lançada {
      subscriptionId: 'sub_B36_259934_20',
      paymentId: 'pay_B36_259934_21',
      tenantId: 953,
      salesAgentId: '2d012b72-3666-4b96-8b55-4e93c192cf53',
      salesAgentCommissionId: '00c08bd4-ef7b-4bcb-a3ef-4ae81b793d26',
      segments: 1,
      unitsToApply: 1,
      consumedAfter: 1,
      status: 'active'
    }

      at Object.info (app/utils/logger.js:4:31)

  console.warn
    [WARN] [commission] corrida no estorno — reversal já lançado {
      subscriptionId: 'sub_B36_259934_20',
      paymentId: 'pay_B36_259934_21',
      flow: 'refund',
      tenantId: 953,
      salesAgentCommissionId: '00c08bd4-ef7b-4bcb-a3ef-4ae81b793d26',
      creditId: '43a86af5-3e04-42eb-a0a7-e032d285e4a3'
    }

      3 | module.exports = {
      4 |     info: (...msg) => console.log('[INFO]', ...msg),
    > 5 |     warn: (...msg) => console.warn('[WARN]', ...msg),
        |                               ^
      6 |     error: (...msg) => console.error('[ERROR]', ...msg)
      7 |   };
      8 |   

      at Object.warn (app/utils/logger.js:5:31)
      at Object.reverseCommissionFromRefund (app/services/commissionEngine.js:766:20)
      at refund (__tests__/integration/commissionReversal.test.js:122:5)
      at Object.<anonymous> (__tests__/integration/commissionReversal.test.js:343:5)

  console.log
    [INFO] [commission] comissão estornada {
      subscriptionId: 'sub_B36_259934_20',
      paymentId: 'pay_B36_259934_21',
      flow: 'refund',
      tenantId: 953,
      credits: 1,
      reversals: 0
    }

      at Object.info (app/utils/logger.js:4:31)

  console.log
    [INFO] [commission] comissão lançada {
      subscriptionId: 'sub_B36_259934_24',
      paymentId: 'pay_B36_259934_25',
      tenantId: 954,
      salesAgentId: '7233a169-4e00-4163-bef4-2a01152508d2',
      salesAgentCommissionId: 'f684abba-d15f-4ca5-a6c3-5b7dafcbf087',
      segments: 1,
      unitsToApply: 1,
      consumedAfter: 1,
      status: 'active'
    }

      at Object.info (app/utils/logger.js:4:31)

  console.log
    [INFO] [commission] refund sem crédito de comissão — nada a estornar {
      subscriptionId: 'sub_B36_259934_24',
      paymentId: 'pay-nunca-visto_B36_259934_26',
      flow: 'refund',
      tenantId: 954
    }

      at Object.info (app/utils/logger.js:4:31)

  console.log
    [INFO] [commission] comissão lançada {
      subscriptionId: 'sub_B36_259934_32',
      paymentId: 'pay_B36_259934_33',
      tenantId: 956,
      salesAgentId: 'a16d8806-29f9-4ffe-a1f2-84b8ca673edb',
      salesAgentCommissionId: '4ff83791-a6e7-4bc2-b086-64a16d8afce4',
      segments: 3,
      unitsToApply: 12,
      consumedAfter: 12,
      status: 'active'
    }

      at Object.info (app/utils/logger.js:4:31)

  console.log
    [INFO] [commission] comissão lançada {
      subscriptionId: 'sub_B36_259934_36',
      paymentId: 'pay_B36_259934_39',
      tenantId: 957,
      salesAgentId: '4675673a-c109-4c5f-a0eb-856033cbb273',
      salesAgentCommissionId: '02816489-c115-48a2-8531-9be3218834ba',
      segments: 1,
      unitsToApply: 1,
      consumedAfter: 1,
      status: 'active'
    }

      at Object.info (app/utils/logger.js:4:31)

  console.log
    [INFO] [commission] comissão lançada {
      subscriptionId: 'sub_B36_259934_38',
      paymentId: 'pay_B36_259934_39',
      tenantId: 958,
      salesAgentId: '69e1fc98-56ac-4b01-9ad0-60cd346dbe6e',
      salesAgentCommissionId: 'ff8dba13-78a5-4755-8045-f77ac15881e6',
      segments: 1,
      unitsToApply: 1,
      consumedAfter: 1,
      status: 'active'
    }

      at Object.info (app/utils/logger.js:4:31)

  console.warn
    [WARN] [commission] corrida no estorno — reversal já lançado {
      subscriptionId: 'sub_B36_259934_36',
      paymentId: 'pay_B36_259934_39',
      flow: 'refund',
      tenantId: 957,
      salesAgentCommissionId: '02816489-c115-48a2-8531-9be3218834ba',
      creditId: 'b52fe2fc-db17-406d-b6d5-41d8e6718315'
    }

      3 | module.exports = {
      4 |     info: (...msg) => console.log('[INFO]', ...msg),
    > 5 |     warn: (...msg) => console.warn('[WARN]', ...msg),
        |                               ^
      6 |     error: (...msg) => console.error('[ERROR]', ...msg)
      7 |   };
      8 |   

      at Object.warn (app/utils/logger.js:5:31)
      at Object.reverseCommissionFromRefund (app/services/commissionEngine.js:766:20)
      at refund (__tests__/integration/commissionReversal.test.js:122:5)
      at Object.<anonymous> (__tests__/integration/commissionReversal.test.js:453:5)

  console.log
    [INFO] [commission] comissão estornada {
      subscriptionId: 'sub_B36_259934_36',
      paymentId: 'pay_B36_259934_39',
      flow: 'refund',
      tenantId: 957,
      credits: 1,
      reversals: 0
    }

      at Object.info (app/utils/logger.js:4:31)

  console.log
    [INFO] [commission] comissão lançada {
      subscriptionId: 'sub_B36_259934_42',
      paymentId: 'pay_B36_259934_43',
      tenantId: 959,
      salesAgentId: '997fe626-be5c-4977-8085-063d70289aa1',
      salesAgentCommissionId: '0f558564-a575-482f-8ae9-d2416a999228',
      segments: 1,
      unitsToApply: 1,
      consumedAfter: 1,
      status: 'active'
    }

      at Object.info (app/utils/logger.js:4:31)

  console.log
    [INFO] [commission] comissão lançada {
      subscriptionId: 'sub_B36_259934_42',
      paymentId: 'pay_B36_259934_44',
      tenantId: 959,
      salesAgentId: '997fe626-be5c-4977-8085-063d70289aa1',
      salesAgentCommissionId: '0f558564-a575-482f-8ae9-d2416a999228',
      segments: 1,
      unitsToApply: 1,
      consumedAfter: 1,
      status: 'active'
    }

      at Object.info (app/utils/logger.js:4:31)

  console.log
    [INFO] [commission] comissão lançada {
      subscriptionId: 'sub_B36_259934_47',
      paymentId: 'pay_B36_259934_48',
      tenantId: 960,
      salesAgentId: 'bb3c24b0-db90-42c3-bdf0-fe3893b8fea4',
      salesAgentCommissionId: 'b41f3c3f-576b-44f5-a7ec-9d24bd830ad4',
      segments: 2,
      unitsToApply: 12,
      consumedAfter: 12,
      status: 'active'
    }

      at Object.info (app/utils/logger.js:4:31)

  console.warn
    [WARN] [commission] corrida no estorno — reversal já lançado {
      subscriptionId: 'sub_B36_259934_47',
      paymentId: 'pay_B36_259934_48',
      flow: 'refund',
      tenantId: 960,
      salesAgentCommissionId: 'b41f3c3f-576b-44f5-a7ec-9d24bd830ad4',
      creditId: '08e4dc53-c5f5-4b6e-9e34-ce66578ff25c'
    }

      3 | module.exports = {
      4 |     info: (...msg) => console.log('[INFO]', ...msg),
    > 5 |     warn: (...msg) => console.warn('[WARN]', ...msg),
        |                               ^
      6 |     error: (...msg) => console.error('[ERROR]', ...msg)
      7 |   };
      8 |   

      at Object.warn (app/utils/logger.js:5:31)
      at Object.reverseCommissionFromRefund (app/services/commissionEngine.js:766:20)
      at Object.<anonymous> (__tests__/integration/commissionReversal.test.js:528:5)

  console.warn
    [WARN] [commission] corrida no estorno — reversal já lançado {
      subscriptionId: 'sub_B36_259934_47',
      paymentId: 'pay_B36_259934_48',
      flow: 'refund',
      tenantId: 960,
      salesAgentCommissionId: 'b41f3c3f-576b-44f5-a7ec-9d24bd830ad4',
      creditId: 'f6a27e8f-40f1-4097-88ce-e5bdd842f24f'
    }

      3 | module.exports = {
      4 |     info: (...msg) => console.log('[INFO]', ...msg),
    > 5 |     warn: (...msg) => console.warn('[WARN]', ...msg),
        |                               ^
      6 |     error: (...msg) => console.error('[ERROR]', ...msg)
      7 |   };
      8 |   

      at Object.warn (app/utils/logger.js:5:31)
      at Object.reverseCommissionFromRefund (app/services/commissionEngine.js:766:20)
      at Object.<anonymous> (__tests__/integration/commissionReversal.test.js:528:5)

  console.log
    [INFO] [commission] comissão estornada {
      subscriptionId: 'sub_B36_259934_47',
      paymentId: 'pay_B36_259934_48',
      flow: 'refund',
      tenantId: 960,
      credits: 2,
      reversals: 0
    }

      at Object.info (app/utils/logger.js:4:31)

  console.log
    [INFO] [commission] comissão lançada {
      subscriptionId: 'sub_B36_259934_51',
      paymentId: 'pay_B36_259934_52',
      tenantId: 961,
      salesAgentId: '12e568b2-0873-457a-b1cd-49fd5bc1d106',
      salesAgentCommissionId: 'd1b251ef-6526-41b3-8121-f258cb68115a',
      segments: 1,
      unitsToApply: 1,
      consumedAfter: 1,
      status: 'active'
    }

      at Object.info (app/utils/logger.js:4:31)

  console.error
    [ERROR] [commission] falha ao estornar comissão {
      subscriptionId: 'sub_B36_259934_51',
      paymentId: 'pay_B36_259934_52',
      tenantId: 961,
      error: 'INSERT do estorno explodiu'
    }

      4 |     info: (...msg) => console.log('[INFO]', ...msg),
      5 |     warn: (...msg) => console.warn('[WARN]', ...msg),
    > 6 |     error: (...msg) => console.error('[ERROR]', ...msg)
        |                                ^
      7 |   };
      8 |   

      at Object.error (app/utils/logger.js:6:32)
      at Object.reverseCommissionFromRefund (app/services/commissionEngine.js:808:14)
      at refund (__tests__/integration/commissionReversal.test.js:122:5)
      at Object.<anonymous> (__tests__/integration/commissionReversal.test.js:567:5)

  console.log
    [INFO] [commission] comissão lançada {
      subscriptionId: 'sub_B36_259934_55',
      paymentId: 'pay_B36_259934_56',
      tenantId: 962,
      salesAgentId: 'e579705e-d786-47ea-98cc-c782df30d831',
      salesAgentCommissionId: 'e79504c0-a4bd-49e1-b2e3-a521c7b95a6e',
      segments: 1,
      unitsToApply: 1,
      consumedAfter: 1,
      status: 'active'
    }

      at Object.info (app/utils/logger.js:4:31)

  console.error
    [ERROR] [commission] falha ao estornar comissão {
      subscriptionId: 'sub_B36_259934_55',
      paymentId: 'pay_B36_259934_56',
      tenantId: 962,
      error: 'Lock wait timeout exceeded; try restarting transaction'
    }

      4 |     info: (...msg) => console.log('[INFO]', ...msg),
      5 |     warn: (...msg) => console.warn('[WARN]', ...msg),
    > 6 |     error: (...msg) => console.error('[ERROR]', ...msg)
        |                                ^
      7 |   };
      8 |   

      at Object.error (app/utils/logger.js:6:32)
      at Object.reverseCommissionFromRefund (app/services/commissionEngine.js:808:14)
      at Object.<anonymous> (__tests__/integration/commissionReversal.test.js:620:7)

FAIL __tests__/integration/commissionReversal.test.js
  ● Test suite failed to run

    SequelizeDatabaseError: Lock wait timeout exceeded; try restarting transaction

      178 |       where: { salesAgentCommissionId: contractIds, entryType: 'reversal' },
      179 |     });
    > 180 |     await SalesAgentCommissionInstallment.destroy({
          |     ^
      181 |       where: { salesAgentCommissionId: contractIds },
      182 |     });
      183 |     await SalesAgentCommissionTerm.destroy({ where: { salesAgentCommissionId: contractIds } });

      at Query.run (../../../../../../../../home/fabiomdsdj/Documents/sistema/suaagenda-stack/api/node_modules/sequelize/src/dialects/mysql/query.js:46:25)
      at ../../../../../../../../home/fabiomdsdj/Documents/sistema/suaagenda-stack/api/node_modules/sequelize/src/sequelize.js:650:28
      at MySQLQueryInterface.bulkDelete (../../../../../../../../home/fabiomdsdj/Documents/sistema/suaagenda-stack/api/node_modules/sequelize/src/dialects/abstract/query-interface.js:992:12)
      at Function.destroy (../../../../../../../../home/fabiomdsdj/Documents/sistema/suaagenda-stack/api/node_modules/sequelize/src/model.js:3083:16)
      at Object.<anonymous> (__tests__/integration/commissionReversal.test.js:180:5)

----------|---------|----------|---------|---------|-------------------
File      | % Stmts | % Branch | % Funcs | % Lines | Uncovered Line #s 
----------|---------|----------|---------|---------|-------------------
All files |       0 |        0 |       0 |       0 |                   
----------|---------|----------|---------|---------|-------------------
Test Suites: 1 failed, 1 total
Tests:       0 total
Snapshots:   0 total
Time:        103.926 s
Ran all test suites matching /__tests__\/integration\/commissionReversal.test.js/i.
Jest did not exit one second after the test run has completed.

This usually means that there are asynchronous operations that weren't stopped in your tests. Consider running Jest with `--detectOpenHandles` to troubleshoot this issue.
Terminated
